// Jest Snapshot v1, https://goo.gl/fbAQLP

exports[`Button.vue snapshot 1`] = `
<body>
  <div>
    <button
      class="el-button"
      type="button"
    >
      <!--v-if-->
      <!--v-if-->
    </button>
  </div>
</body>
`;
